// Jest Snapshot v1, https://goo.gl/fbAQLP

exports[`BrowseCourses render page titles 1`] = `
<v-responsive>
  <div style="font-family: IBM Plex Sans;">
    <v-card max-width="1450" elevation="0" class="mx-auto">
      <v-row class=" align-center justify-center ">
        <h3 style="font-style: normal; font-weight: 300; font-size: 48px; line-height: 62px; margin-top: 5%; display: flex; align-items: center; text-align: center; letter-spacing: 0.6px; text-transform: capitalize; color: rgb(43, 28, 28);">
          Exclusive course to equip your <br>
          team for the best
        </h3>
      </v-row>
      <v-text-field append-icon="mdi-magnify" label="Search by Course name" solo-inverted="" style="max-width: 30%; margin: 5% auto 3% auto;"></v-text-field>
      <h4 style="padding-left: 3%; padding-bottom: 20px; font-style: normal; font-weight: 300; font-size: 24px; line-height: 62px; letter-spacing: 0.6px; text-transform: capitalize; color: rgb(43, 28, 28);">
        Business Management &amp; Marketing Courses
      </h4>
      <v-responsive>
        <v-row class="overlay">
          <v-card cols="6" elevation="2" width="374" class="mx-auto my-12 text-wrap">
            <v-img height="250" src="https://cdn.vuetifyjs.com/images/cards/cooking.png"></v-img>
            <v-card-title>INTRODUCTION TO ROBOTICS</v-card-title>
            <div class="mx-4 subtitle-1">Semicolon Africa</div>
            <v-card-text>
              <v-row align="center" class="mx-0">
                <v-rating value="4.5" color="amber" dense="" half-increments="" readonly="" size="14"></v-rating>
                <div class="grey--text ml-4">4.5 (413)</div>
              </v-row>
            </v-card-text>
          </v-card>
          <v-card cols="6" elevation="2" width="374" class="mx-auto my-12 text-wrap">
            <v-img height="250" src="https://cdn.vuetifyjs.com/images/cards/foster.jpg"></v-img>
            <v-card-title>CREATING STUNNING ENGAGEMENTS</v-card-title>
            <div class="mx-4 subtitle-1">Semicolon Africa</div>
            <v-card-text>
              <v-row align="center" class="mx-0">
                <v-rating value="4.5" color="amber" dense="" half-increments="" readonly="" size="14"></v-rating>
                <div class="grey--text ml-4">4.5 (413)</div>
              </v-row>
            </v-card-text>
          </v-card>
          <v-card cols="6" elevation="2" width="374" class="mx-auto my-12 text-wrap">
            <v-img height="250" src="https://cdn.vuetifyjs.com/images/cards/foster.jpg"></v-img>
            <v-card-title>WEB DEVELOPMENT</v-card-title>
            <div class="mx-4 subtitle-1">Semicolon Africa</div>
            <v-card-text>
              <v-row align="center" class="mx-0">
                <v-rating value="4.5" color="amber" dense="" half-increments="" readonly="" size="14"></v-rating>
                <div class="grey--text ml-4">4.5 (413)</div>
              </v-row>
            </v-card-text>
          </v-card>
          <v-card cols="6" elevation="2" width="374" class="mx-auto my-12 text-wrap">
            <v-img height="250" src="https://cdn.vuetifyjs.com/images/cards/cooking.png"></v-img>
            <v-card-title>INTRODUCTION TO ROBOTICS</v-card-title>
            <div class="mx-4 subtitle-1">Semicolon Africa</div>
            <v-card-text>
              <v-row align="center" class="mx-0">
                <v-rating value="4.5" color="amber" dense="" half-increments="" readonly="" size="14"></v-rating>
                <div class="grey--text ml-4">4.5 (413)</div>
              </v-row>
            </v-card-text>
          </v-card>
          <v-card cols="6" elevation="2" width="374" class="mx-auto my-12 text-wrap">
            <v-img height="250" src="https://cdn.vuetifyjs.com/images/cards/halcyon.png"></v-img>
            <v-card-title>GUIDE TO CREATING MOON MARKETING</v-card-title>
            <div class="mx-4 subtitle-1">Semicolon Africa</div>
            <v-card-text>
              <v-row align="center" class="mx-0">
                <v-rating value="4.5" color="amber" dense="" half-increments="" readonly="" size="14"></v-rating>
                <div class="grey--text ml-4">4.5 (413)</div>
              </v-row>
            </v-card-text>
          </v-card>
          <v-card cols="6" elevation="2" width="374" class="mx-auto my-12 text-wrap">
            <v-img height="250" src="https://cdn.vuetifyjs.com/images/cards/cooking.png"></v-img>
            <v-card-title>INTRODUCTION TO ROBOTICS</v-card-title>
            <div class="mx-4 subtitle-1">Semicolon Africa</div>
            <v-card-text>
              <v-row align="center" class="mx-0">
                <v-rating value="4.5" color="amber" dense="" half-increments="" readonly="" size="14"></v-rating>
                <div class="grey--text ml-4">4.5 (413)</div>
              </v-row>
            </v-card-text>
          </v-card>
          &gt;
        </v-row>
      </v-responsive>
      <h4 style="padding-left: 3%; padding-bottom: 20px; font-style: normal; font-weight: 300; font-size: 24px; line-height: 62px; letter-spacing: 0.6px; text-transform: capitalize; color: rgb(43, 28, 28);">
        Top Business Management Courses
      </h4>
      <v-responsive>
        <v-row class="overlay">
          <v-card cols="6" elevation="2" width="374" class="mx-auto my-12 text-wrap">
            <v-img height="250" src="https://cdn.vuetifyjs.com/images/cards/cooking.png"></v-img>
            <v-card-title>INTRODUCTION TO ROBOTICS</v-card-title>
            <div class="mx-4 subtitle-1">Semicolon Africa</div>
            <v-card-text>
              <v-row align="center" class="mx-0">
                <v-rating value="4.5" color="amber" dense="" half-increments="" readonly="" size="14"></v-rating>
                <div class="grey--text ml-4">4.5 (413)</div>
              </v-row>
            </v-card-text>
          </v-card>
          <v-card cols="6" elevation="2" width="374" class="mx-auto my-12 text-wrap">
            <v-img height="250" src="https://cdn.vuetifyjs.com/images/cards/foster.jpg"></v-img>
            <v-card-title>CREATING STUNNING ENGAGEMENTS</v-card-title>
            <div class="mx-4 subtitle-1">Semicolon Africa</div>
            <v-card-text>
              <v-row align="center" class="mx-0">
                <v-rating value="4.5" color="amber" dense="" half-increments="" readonly="" size="14"></v-rating>
                <div class="grey--text ml-4">4.5 (413)</div>
              </v-row>
            </v-card-text>
          </v-card>
          <v-card cols="6" elevation="2" width="374" class="mx-auto my-12 text-wrap">
            <v-img height="250" src="https://cdn.vuetifyjs.com/images/cards/foster.jpg"></v-img>
            <v-card-title>WEB DEVELOPMENT</v-card-title>
            <div class="mx-4 subtitle-1">Semicolon Africa</div>
            <v-card-text>
              <v-row align="center" class="mx-0">
                <v-rating value="4.5" color="amber" dense="" half-increments="" readonly="" size="14"></v-rating>
                <div class="grey--text ml-4">4.5 (413)</div>
              </v-row>
            </v-card-text>
          </v-card>
          <v-card cols="6" elevation="2" width="374" class="mx-auto my-12 text-wrap">
            <v-img height="250" src="https://cdn.vuetifyjs.com/images/cards/cooking.png"></v-img>
            <v-card-title>INTRODUCTION TO ROBOTICS</v-card-title>
            <div class="mx-4 subtitle-1">Semicolon Africa</div>
            <v-card-text>
              <v-row align="center" class="mx-0">
                <v-rating value="4.5" color="amber" dense="" half-increments="" readonly="" size="14"></v-rating>
                <div class="grey--text ml-4">4.5 (413)</div>
              </v-row>
            </v-card-text>
          </v-card>
          <v-card cols="6" elevation="2" width="374" class="mx-auto my-12 text-wrap">
            <v-img height="250" src="https://cdn.vuetifyjs.com/images/cards/halcyon.png"></v-img>
            <v-card-title>GUIDE TO CREATING MOON MARKETING</v-card-title>
            <div class="mx-4 subtitle-1">Semicolon Africa</div>
            <v-card-text>
              <v-row align="center" class="mx-0">
                <v-rating value="4.5" color="amber" dense="" half-increments="" readonly="" size="14"></v-rating>
                <div class="grey--text ml-4">4.5 (413)</div>
              </v-row>
            </v-card-text>
          </v-card>
          <v-card cols="6" elevation="2" width="374" class="mx-auto my-12 text-wrap">
            <v-img height="250" src="https://cdn.vuetifyjs.com/images/cards/cooking.png"></v-img>
            <v-card-title>INTRODUCTION TO ROBOTICS</v-card-title>
            <div class="mx-4 subtitle-1">Semicolon Africa</div>
            <v-card-text>
              <v-row align="center" class="mx-0">
                <v-rating value="4.5" color="amber" dense="" half-increments="" readonly="" size="14"></v-rating>
                <div class="grey--text ml-4">4.5 (413)</div>
              </v-row>
            </v-card-text>
          </v-card>
          &gt;
        </v-row>
      </v-responsive>
      <h4 style="padding-left: 3%; padding-bottom: 20px; font-style: normal; font-weight: 300; font-size: 24px; line-height: 62px; letter-spacing: 0.6px; text-transform: capitalize; color: rgb(43, 28, 28);">
        Top Design Thinking Courses
      </h4>
      <v-responsive>
        <v-row class="overlay">
          <v-card cols="6" elevation="2" width="374" class="mx-auto my-12 text-wrap">
            <v-img height="250" src="https://cdn.vuetifyjs.com/images/cards/cooking.png"></v-img>
            <v-card-title>INTRODUCTION TO ROBOTICS</v-card-title>
            <div class="mx-4 subtitle-1">Semicolon Africa</div>
            <v-card-text>
              <v-row align="center" class="mx-0">
                <v-rating value="4.5" color="amber" dense="" half-increments="" readonly="" size="14"></v-rating>
                <div class="grey--text ml-4">4.5 (413)</div>
              </v-row>
            </v-card-text>
          </v-card>
          <v-card cols="6" elevation="2" width="374" class="mx-auto my-12 text-wrap">
            <v-img height="250" src="https://cdn.vuetifyjs.com/images/cards/foster.jpg"></v-img>
            <v-card-title>CREATING STUNNING ENGAGEMENTS</v-card-title>
            <div class="mx-4 subtitle-1">Semicolon Africa</div>
            <v-card-text>
              <v-row align="center" class="mx-0">
                <v-rating value="4.5" color="amber" dense="" half-increments="" readonly="" size="14"></v-rating>
                <div class="grey--text ml-4">4.5 (413)</div>
              </v-row>
            </v-card-text>
          </v-card>
          <v-card cols="6" elevation="2" width="374" class="mx-auto my-12 text-wrap">
            <v-img height="250" src="https://cdn.vuetifyjs.com/images/cards/foster.jpg"></v-img>
            <v-card-title>WEB DEVELOPMENT</v-card-title>
            <div class="mx-4 subtitle-1">Semicolon Africa</div>
            <v-card-text>
              <v-row align="center" class="mx-0">
                <v-rating value="4.5" color="amber" dense="" half-increments="" readonly="" size="14"></v-rating>
                <div class="grey--text ml-4">4.5 (413)</div>
              </v-row>
            </v-card-text>
          </v-card>
          <v-card cols="6" elevation="2" width="374" class="mx-auto my-12 text-wrap">
            <v-img height="250" src="https://cdn.vuetifyjs.com/images/cards/cooking.png"></v-img>
            <v-card-title>INTRODUCTION TO ROBOTICS</v-card-title>
            <div class="mx-4 subtitle-1">Semicolon Africa</div>
            <v-card-text>
              <v-row align="center" class="mx-0">
                <v-rating value="4.5" color="amber" dense="" half-increments="" readonly="" size="14"></v-rating>
                <div class="grey--text ml-4">4.5 (413)</div>
              </v-row>
            </v-card-text>
          </v-card>
          <v-card cols="6" elevation="2" width="374" class="mx-auto my-12 text-wrap">
            <v-img height="250" src="https://cdn.vuetifyjs.com/images/cards/halcyon.png"></v-img>
            <v-card-title>GUIDE TO CREATING MOON MARKETING</v-card-title>
            <div class="mx-4 subtitle-1">Semicolon Africa</div>
            <v-card-text>
              <v-row align="center" class="mx-0">
                <v-rating value="4.5" color="amber" dense="" half-increments="" readonly="" size="14"></v-rating>
                <div class="grey--text ml-4">4.5 (413)</div>
              </v-row>
            </v-card-text>
          </v-card>
          <v-card cols="6" elevation="2" width="374" class="mx-auto my-12 text-wrap">
            <v-img height="250" src="https://cdn.vuetifyjs.com/images/cards/cooking.png"></v-img>
            <v-card-title>INTRODUCTION TO ROBOTICS</v-card-title>
            <div class="mx-4 subtitle-1">Semicolon Africa</div>
            <v-card-text>
              <v-row align="center" class="mx-0">
                <v-rating value="4.5" color="amber" dense="" half-increments="" readonly="" size="14"></v-rating>
                <div class="grey--text ml-4">4.5 (413)</div>
              </v-row>
            </v-card-text>
          </v-card>
          &gt;
        </v-row>
      </v-responsive>
    </v-card>
  </div>
</v-responsive>
`;
