// Jest Snapshot v1, https://goo.gl/fbAQLP

exports[`CreateCourseModule test page has title 1`] = `
<v-container>
  <v-responsive>
    <h3 class="ma-4 " style="padding-top: 5%;">Untitled Module</h3>
    <v-card class="ma-4">
      <validationobserver></validationobserver>
    </v-card>
    <section class="ma-4" style="padding-top: 100px; padding-bottom: 100px;">
      <h3>Lesson Settings</h3>
      <v-checkbox color="red"></v-checkbox>
      <v-checkbox color="red"></v-checkbox>
    </section>
    <v-card flat="" max-width="686" class="text-center justify-center ma-4" style="background: rgb(248, 248, 248); border-radius: 11.2578px; height: 60px;">
      <v-container fluid="">
        <h6 class="tip-text">
          Tip: Chapter(s) will be set to draft if there are no lessons created
          for it.
        </h6>
      </v-container>
    </v-card>
  </v-responsive>
</v-container>
`;
