// Jest Snapshot v1, https://goo.gl/fbAQLP

exports[`InviteEmployee html should render correctly 1`] = `
"<v-row justify=\\"center\\">
  <v-dialog persistent=\\"\\" max-width=\\"600px\\">
    <v-card class=\\"invite-card ma-auto\\">
      <v-row>
        <v-col cols=\\"12\\" md=\\"2\\">
          <v-btn icon=\\"\\" class=\\"mx-0\\" style=\\"float: right;\\">
            <v-icon>mdi-close-circle-outline</v-icon>
          </v-btn>
        </v-col>
        <v-col cols=\\"12\\" md=\\"10\\">
          <v-row>
            <v-card-title class=\\"invite-title\\">
              <h3>Invite your Employees</h3>
            </v-card-title>
          </v-row>
        </v-col>
      </v-row>
      <v-card-text>
        <validationobserver></validationobserver>
      </v-card-text>
    </v-card>
  </v-dialog>
</v-row>"
`;
