// Jest Snapshot v1, https://goo.gl/fbAQLP

exports[`My Courses Component unit test render my courses and match snapshot 1`] = `
<div class="v-responsive" title="MyCourses">
  <div class="v-responsive__content">
    <div class="container grid-list-md" style="max-width: 1000px;">
      <div style="font-family: IBM Plex Sans;">
        <div class="row mt-n5">
          <div class="col-md-9 col-12"></div>
          <div class="col-md-3 col-12" style="font-size: 18px;"><button type="button" class="btn v-btn v-btn--contained theme--light v-size--large" style="font-size: 18px; height: 53px; color: rgb(255, 255, 255); font-weight: bold; background: rgb(255, 46, 46);"><span class="v-btn__content"><i aria-hidden="true" class="v-icon notranslate mdi mdi-plus theme--light" style="color: rgb(255, 255, 255); caret-color: #fff;"></i>
            Create Course</span></button></div>
        </div>
        <div class="row">
          <div class="col-md-6 col-12">
            <h3 style="text-transform: uppercase;">Drafts</h3>
          </div>
        </div>
        <div class="row">
          <div class="col-md-6 col-12">
            <div>
              <div>
                <div class="v-card v-sheet theme--light elevation-2 rounded-lg" style="height: 250px; width: 600px; background-size: cover; background-image: url(https://images.unsplash.com/photo-1454165804606-c3d57bc86b40?ixlib=rb-1.2.1&amp;ixid=eyJhcHBfaWQiOjEyMDd9&amp;auto=format&amp;fit=crop&amp;w=500&amp;q=60);">
                  <div class="overlay">
                    <div tabindex="-1" class="v-list-item theme--light">
                      <div class="v-list-item__content">
                        <div tabindex="-1" class="v-list-item theme--light">
                          <div class="v-card__text headline ml-0 mt-5"><a elevation="2" href="Introduction to Robotics" class="" style="color: rgb(255, 255, 255); text-decoration-line: none;">
                              <h1 style="font-family: IBM Plex Sans; font-size: 24px; line-height: 31px;">Introduction to Robotics</h1>
                            </a></div>
                        </div>
                        <div tabindex="-1" class="v-list-item theme--light">
                          <div class="v-card__text prop mt-n10 pr-5" style="font-family: IBM Plex Sans; font-size: 14px;">21 Modules Included</div>
                        </div>
                      </div>
                      <div class="v-list-item__icon">
                        <div class="v-menu"><button type="button" class="mt-7 mr-5 v-btn v-btn--flat v-btn--icon v-btn--round theme--light v-size--default" style="font-family: IBM Plex Sans; font-size: 24px; line-height: 31px;" role="button" aria-haspopup="true" aria-expanded="false"><span class="v-btn__content"><i aria-hidden="true" class="v-icon notranslate mdi mdi-dots-vertical theme--light" style="color: rgb(255, 255, 255); caret-color: #fff;"></i></span></button>
                          <!---->
                        </div>
                      </div>
                    </div>
                    <footer class="v-footer font-weight-medium v-sheet theme--light v-footer--absolute" style="left: 0px; right: 0px; bottom: 0px; color: rgb(255, 46, 46); opacity: 1; background-color: rgba(0, 0, 0, 0);">
                      <div class="text-left col col-12">
                        <div tabindex="-1" absolute="" class="font-weight-medium ml-0 mt-9 v-list-item theme--light"><i aria-hidden="true" class="v-icon notranslate mdi mdi-star theme--light" style="color: rgb(255, 255, 255); caret-color: #fff; font-family: IBM Plex Sans; font-size: 14px;"></i>
                          <div class="v-card__text prop" style="font-family: IBM Plex Sans; font-size: 14px;">4.8</div>
                        </div>
                      </div>
                    </footer>
                  </div>
                </div>
              </div>
            </div>
          </div>
        </div>
        <div class="row all-courses">
          <div class="col col-12">
            <h3 class="all-courses-header" style="text-transform: uppercase;">Published Courses</h3>
          </div>
        </div>
        <div class="row">
          <div class="col-md-6 col-12">
            <div>
              <div>
                <div class="v-card v-sheet theme--light elevation-2 rounded-lg" style="height: 250px; width: 600px; background-size: cover; background-image: url(https://images.unsplash.com/photo-1481627834876-b7833e8f5570?ixlib=rb-1.2.1&amp;ixid=eyJhcHBfaWQiOjEyMDd9&amp;auto=format&amp;fit=crop&amp;w=500&amp;q=60);">
                  <div class="overlay">
                    <div tabindex="-1" class="v-list-item theme--light">
                      <div class="v-list-item__content">
                        <div tabindex="-1" class="v-list-item theme--light">
                          <div class="v-card__text headline ml-0 mt-5"><a elevation="2" href="Nuxt.js for Beginners" class="" style="color: rgb(255, 255, 255); text-decoration-line: none;">
                              <h1 style="font-family: IBM Plex Sans; font-size: 24px; line-height: 31px;">Nuxt.js for Beginners</h1>
                            </a></div>
                        </div>
                        <div tabindex="-1" class="v-list-item theme--light">
                          <div class="v-card__text prop mt-n10 pr-5" style="font-family: IBM Plex Sans; font-size: 14px;">21 Modules Included</div>
                        </div>
                      </div>
                      <div class="v-list-item__icon">
                        <div class="v-menu"><button type="button" class="mt-7 mr-5 v-btn v-btn--flat v-btn--icon v-btn--round theme--light v-size--default" style="font-family: IBM Plex Sans; font-size: 24px; line-height: 31px;" role="button" aria-haspopup="true" aria-expanded="false"><span class="v-btn__content"><i aria-hidden="true" class="v-icon notranslate mdi mdi-dots-vertical theme--light" style="color: rgb(255, 255, 255); caret-color: #fff;"></i></span></button>
                          <!---->
                        </div>
                      </div>
                    </div>
                    <footer class="v-footer font-weight-medium v-sheet theme--light v-footer--absolute" style="left: 0px; right: 0px; bottom: 0px; color: rgb(255, 46, 46); opacity: 1; background-color: rgba(0, 0, 0, 0);">
                      <div class="text-left col col-12">
                        <div tabindex="-1" absolute="" class="font-weight-medium ml-0 mt-9 v-list-item theme--light"><i aria-hidden="true" class="v-icon notranslate mdi mdi-star theme--light" style="color: rgb(255, 255, 255); caret-color: #fff; font-family: IBM Plex Sans; font-size: 14px;"></i>
                          <div class="v-card__text prop" style="font-family: IBM Plex Sans; font-size: 14px;">4.8</div>
                        </div>
                      </div>
                    </footer>
                  </div>
                </div>
              </div>
            </div>
          </div>
        </div>
      </div>
    </div>
  </div>
</div>
`;
